// Jest Snapshot v1, https://goo.gl/fbAQLP

exports[`SavedCity renders correctly with load 1`] = `
<div>
  <div>
    Shuzenji
  </div>
  <div>
    Подождите, данные загружаются
  </div>
  <div
    class="spinner-border m-5"
    role="status"
  >
    <span
      class="sr-only"
    >
      Loading...
    </span>
  </div>
</div>
`;
